
> aeropulse-web@0.1.0 start
> react-scripts start

Starting the development server...

Compiled with warnings.

[eslint] 
src\components\common\boutique\BoutiqueVerifyInput.js
  Line 28:50:  'canResend' is assigned a value but never used                                                                                                                  no-unused-vars
  Line 44:6:   React Hook useEffect has missing dependencies: 'handlePerformVerify', 'loading', 'otpSent', and 'verified'. Either include them or remove the dependency array  react-hooks/exhaustive-deps

src\components\myunit\MyUnit.js
  Line 25:7:   'icons' is assigned a value but never used       no-unused-vars
  Line 247:9:  'handleBack' is assigned a value but never used  no-unused-vars

src\components\register\RegisterContactStep.js
  Line 13:7:  'validateMessengerHeuristic' is assigned a value but never used  no-unused-vars

src\components\register\RegisterEmailStep.js
  Line 42:6:  React Hook useEffect has missing dependencies: 'handleVerifyCode', 'hasSecret', 'isVerified', and 'loading'. Either include them or remove the dependency array  react-hooks/exhaustive-deps

src\components\register\RegisterLegalConsentsStep.js
  Line 42:6:  React Hook useMemo has a missing dependency: 'consents'. Either include it or remove the dependency array  react-hooks/exhaustive-deps

src\components\register\RegisterProfilePasswordStep.js
  Line 107:6:  React Hook useEffect has a missing dependency: 'handleAliasBlur'. Either include it or remove the dependency array  react-hooks/exhaustive-deps

src\components\settings\Settings.js
  Line 46:5:  'currentTheme' is assigned a value but never used  no-unused-vars

src\components\shop\Shop.js
  Line 416:10:  'loading' is assigned a value but never used  no-unused-vars

Search for the keywords to learn more about each warning.
To ignore, add // eslint-disable-next-line to the line before.

[1m[33mWARNING[39m[22m in [1m[eslint] 
src\components\common\boutique\BoutiqueVerifyInput.js
  Line 28:50:  'canResend' is assigned a value but never used                                                                                                                  no-unused-vars
  Line 44:6:   React Hook useEffect has missing dependencies: 'handlePerformVerify', 'loading', 'otpSent', and 'verified'. Either include them or remove the dependency array  react-hooks/exhaustive-deps

src\components\myunit\MyUnit.js
  Line 25:7:   'icons' is assigned a value but never used       no-unused-vars
  Line 247:9:  'handleBack' is assigned a value but never used  no-unused-vars

src\components\register\RegisterContactStep.js
  Line 13:7:  'validateMessengerHeuristic' is assigned a value but never used  no-unused-vars

src\components\register\RegisterEmailStep.js
  Line 42:6:  React Hook useEffect has missing dependencies: 'handleVerifyCode', 'hasSecret', 'isVerified', and 'loading'. Either include them or remove the dependency array  react-hooks/exhaustive-deps

src\components\register\RegisterLegalConsentsStep.js
  Line 42:6:  React Hook useMemo has a missing dependency: 'consents'. Either include it or remove the dependency array  react-hooks/exhaustive-deps

src\components\register\RegisterProfilePasswordStep.js
  Line 107:6:  React Hook useEffect has a missing dependency: 'handleAliasBlur'. Either include it or remove the dependency array  react-hooks/exhaustive-deps

src\components\settings\Settings.js
  Line 46:5:  'currentTheme' is assigned a value but never used  no-unused-vars

src\components\shop\Shop.js
  Line 416:10:  'loading' is assigned a value but never used  no-unused-vars

[39m[22m

webpack compiled with [1m[33m1 warning[39m[22m
Compiled with warnings.

[eslint] 
src\components\common\boutique\BoutiqueVerifyInput.js
  Line 28:50:  'canResend' is assigned a value but never used                                                                                                                  no-unused-vars
  Line 44:6:   React Hook useEffect has missing dependencies: 'handlePerformVerify', 'loading', 'otpSent', and 'verified'. Either include them or remove the dependency array  react-hooks/exhaustive-deps

src\components\myunit\MyUnit.js
  Line 25:7:   'icons' is assigned a value but never used       no-unused-vars
  Line 247:9:  'handleBack' is assigned a value but never used  no-unused-vars

src\components\register\RegisterContactStep.js
  Line 13:7:  'validateMessengerHeuristic' is assigned a value but never used  no-unused-vars

src\components\register\RegisterEmailStep.js
  Line 42:6:  React Hook useEffect has missing dependencies: 'handleVerifyCode', 'hasSecret', 'isVerified', and 'loading'. Either include them or remove the dependency array  react-hooks/exhaustive-deps

src\components\register\RegisterLegalConsentsStep.js
  Line 42:6:  React Hook useMemo has a missing dependency: 'consents'. Either include it or remove the dependency array  react-hooks/exhaustive-deps

src\components\register\RegisterProfilePasswordStep.js
  Line 107:6:  React Hook useEffect has a missing dependency: 'handleAliasBlur'. Either include it or remove the dependency array  react-hooks/exhaustive-deps

src\components\settings\Settings.js
  Line 46:5:  'currentTheme' is assigned a value but never used  no-unused-vars

src\components\shop\Shop.js
  Line 416:10:  'loading' is assigned a value but never used  no-unused-vars

Search for the keywords to learn more about each warning.
To ignore, add // eslint-disable-next-line to the line before.

[1m[33mWARNING[39m[22m in [1m[eslint] 
src\components\common\boutique\BoutiqueVerifyInput.js
  Line 28:50:  'canResend' is assigned a value but never used                                                                                                                  no-unused-vars
  Line 44:6:   React Hook useEffect has missing dependencies: 'handlePerformVerify', 'loading', 'otpSent', and 'verified'. Either include them or remove the dependency array  react-hooks/exhaustive-deps

src\components\myunit\MyUnit.js
  Line 25:7:   'icons' is assigned a value but never used       no-unused-vars
  Line 247:9:  'handleBack' is assigned a value but never used  no-unused-vars

src\components\register\RegisterContactStep.js
  Line 13:7:  'validateMessengerHeuristic' is assigned a value but never used  no-unused-vars

src\components\register\RegisterEmailStep.js
  Line 42:6:  React Hook useEffect has missing dependencies: 'handleVerifyCode', 'hasSecret', 'isVerified', and 'loading'. Either include them or remove the dependency array  react-hooks/exhaustive-deps

src\components\register\RegisterLegalConsentsStep.js
  Line 42:6:  React Hook useMemo has a missing dependency: 'consents'. Either include it or remove the dependency array  react-hooks/exhaustive-deps

src\components\register\RegisterProfilePasswordStep.js
  Line 107:6:  React Hook useEffect has a missing dependency: 'handleAliasBlur'. Either include it or remove the dependency array  react-hooks/exhaustive-deps

src\components\settings\Settings.js
  Line 46:5:  'currentTheme' is assigned a value but never used  no-unused-vars

src\components\shop\Shop.js
  Line 416:10:  'loading' is assigned a value but never used  no-unused-vars

[39m[22m

webpack compiled with [1m[33m1 warning[39m[22m
Compiled with warnings.

[eslint] 
src\components\common\boutique\BoutiqueVerifyInput.js
  Line 28:50:  'canResend' is assigned a value but never used                                                                                                                  no-unused-vars
  Line 44:6:   React Hook useEffect has missing dependencies: 'handlePerformVerify', 'loading', 'otpSent', and 'verified'. Either include them or remove the dependency array  react-hooks/exhaustive-deps

src\components\myunit\MyUnit.js
  Line 25:7:   'icons' is assigned a value but never used       no-unused-vars
  Line 247:9:  'handleBack' is assigned a value but never used  no-unused-vars

src\components\register\RegisterContactStep.js
  Line 13:7:  'validateMessengerHeuristic' is assigned a value but never used  no-unused-vars

src\components\register\RegisterEmailStep.js
  Line 42:6:  React Hook useEffect has missing dependencies: 'handleVerifyCode', 'hasSecret', 'isVerified', and 'loading'. Either include them or remove the dependency array  react-hooks/exhaustive-deps

src\components\register\RegisterLegalConsentsStep.js
  Line 42:6:  React Hook useMemo has a missing dependency: 'consents'. Either include it or remove the dependency array  react-hooks/exhaustive-deps

src\components\register\RegisterProfilePasswordStep.js
  Line 107:6:  React Hook useEffect has a missing dependency: 'handleAliasBlur'. Either include it or remove the dependency array  react-hooks/exhaustive-deps

src\components\settings\Settings.js
  Line 46:5:  'currentTheme' is assigned a value but never used  no-unused-vars

src\components\shop\Shop.js
  Line 416:10:  'loading' is assigned a value but never used  no-unused-vars

Search for the keywords to learn more about each warning.
To ignore, add // eslint-disable-next-line to the line before.

[1m[33mWARNING[39m[22m in [1m[eslint] 
src\components\common\boutique\BoutiqueVerifyInput.js
  Line 28:50:  'canResend' is assigned a value but never used                                                                                                                  no-unused-vars
  Line 44:6:   React Hook useEffect has missing dependencies: 'handlePerformVerify', 'loading', 'otpSent', and 'verified'. Either include them or remove the dependency array  react-hooks/exhaustive-deps

src\components\myunit\MyUnit.js
  Line 25:7:   'icons' is assigned a value but never used       no-unused-vars
  Line 247:9:  'handleBack' is assigned a value but never used  no-unused-vars

src\components\register\RegisterContactStep.js
  Line 13:7:  'validateMessengerHeuristic' is assigned a value but never used  no-unused-vars

src\components\register\RegisterEmailStep.js
  Line 42:6:  React Hook useEffect has missing dependencies: 'handleVerifyCode', 'hasSecret', 'isVerified', and 'loading'. Either include them or remove the dependency array  react-hooks/exhaustive-deps

src\components\register\RegisterLegalConsentsStep.js
  Line 42:6:  React Hook useMemo has a missing dependency: 'consents'. Either include it or remove the dependency array  react-hooks/exhaustive-deps

src\components\register\RegisterProfilePasswordStep.js
  Line 107:6:  React Hook useEffect has a missing dependency: 'handleAliasBlur'. Either include it or remove the dependency array  react-hooks/exhaustive-deps

src\components\settings\Settings.js
  Line 46:5:  'currentTheme' is assigned a value but never used  no-unused-vars

src\components\shop\Shop.js
  Line 416:10:  'loading' is assigned a value but never used  no-unused-vars

[39m[22m

webpack compiled with [1m[33m1 warning[39m[22m
